// Jest Snapshot v1, https://goo.gl/fbAQLP

exports[`Button should render properly 1`] = `
<View
  accessible={true}
  focusable={true}
  onClick={[Function]}
  onResponderGrant={[Function]}
  onResponderMove={[Function]}
  onResponderRelease={[Function]}
  onResponderTerminate={[Function]}
  onResponderTerminationRequest={[Function]}
  onStartShouldSetResponder={[Function]}
  style={
    Object {
      "alignItems": "center",
      "backgroundColor": "green",
      "borderRadius": 15,
      "display": "flex",
      "justifyContent": "center",
      "padding": 10,
      "width": 75,
    }
  }
>
  <Text>
    hi
  </Text>
</View>
`;
